2026-05-11 18:55:28 [WARNING] ai_processor — AI output rejected due to irrelevance

2026-05-11 16:20:48 [WARNING] ai_processor —   ✗ Maanrakennuksen perämies, putkihitsaus → irrelevant





2026-05-12 19:00:59 [INFO] ai_processor — [18/25] Formatting: CNC-jyrsijä (Helsingin lähiseudulla)
2026-05-12 19:01:26 [WARNING] ai_processor — JSON decode error from Ollama (repair failed): Expecting ',' delimiter: line 9 column 5 (char 230)
2026-05-12 19:01:26 [WARNING] ai_processor — Raw Ollama content preview: {
  "title": "",
  "job_responsibilities": [
    "Perform CNC machining tasks using Mazak Integrex machines."
  ],
  "what_we_expect": [
    "Vankkaa kokemusta CNC-jyrsinnästä",
    "Käytännön osaamista seuraavista koneista:"
    // Add more fields as needed
  ],
  "what_we_offer": [
    "Concrete benefit or perk.",
    "Another benefit."
  ],
  "search_keywords": "CNC-jyrsijää Mazak Integrex"
}

